// Vitest Snapshot v1, https://vitest.dev/guide/snapshot.html

exports[`Main navigation bar > renders it 1`] = `
<nav>
  <a
    href="/"
  >
    Home
  </a>
  <a
    href="shop"
  >
    Shop
  </a>
</nav>
`;
